[job] node=c0804.ten.osc.edu
NVIDIA H100, 95830 MiB
[job] cuda available: True
Traceback (most recent call last):
  File "/users/PAS2699/naveenkamath/job-repository/few-shot-segmentation/scripts/run_fertilizer_test.py", line 229, in <module>
    raise SystemExit(main())
                     ^^^^^^
  File "/users/PAS2699/naveenkamath/job-repository/few-shot-segmentation/scripts/run_fertilizer_test.py", line 165, in main
    seg = FewShotSegmenter(config=cfg)
          ^^^^^^^^^^^^^^^^^^^^^^^^^^^^
  File "/users/PAS2699/naveenkamath/job-repository/few-shot-segmentation/fss/pipeline.py", line 94, in __init__
    self.matcher = DINOv3Matcher(self.config.matcher, self.device, self.amp_dtype)
                   ^^^^^^^^^^^^^^^^^^^^^^^^^^^^^^^^^^^^^^^^^^^^^^^^^^^^^^^^^^^^^^^
  File "/users/PAS2699/naveenkamath/job-repository/few-shot-segmentation/fss/matcher.py", line 70, in __init__
    self.processor = AutoImageProcessor.from_pretrained(model_id)
                     ^^^^^^^^^^^^^^^^^^^^^^^^^^^^^^^^^^
  File "/users/PAS2699/naveenkamath/.conda/envs/fss/lib/python3.11/site-packages/transformers/utils/import_utils.py", line 2090, in __getattribute__
    requires_backends(cls, cls._backends)
  File "/users/PAS2699/naveenkamath/.conda/envs/fss/lib/python3.11/site-packages/transformers/utils/import_utils.py", line 2076, in requires_backends
    raise ImportError("".join(failed))
ImportError: 
AutoImageProcessor requires the Torchvision library but it was not found in your environment. Check out the instructions on the
installation page: https://pytorch.org/get-started/locally/ and follow the ones that match your environment.
Please note that you may need to restart your runtime after installation.

