[job] node=c0809.ten.osc.edu
NVIDIA H100, 95830 MiB
Loading weights:   0%|          | 0/211 [00:00<?, ?it/s]Loading weights: 100%|██████████| 211/211 [00:00<00:00, 6673.74it/s]
[transformers] You are using a model of type `sam3_video` to instantiate a model of type `sam3_tracker`. This may be expected if you are loading a checkpoint that shares a subset of the architecture (e.g., loading a `sam2_video` checkpoint into `Sam2Model`), but is otherwise not supported and can yield errors. Please verify that the checkpoint is compatible with the model you are instantiating.
Loading weights:   0%|          | 0/685 [00:00<?, ?it/s]Loading weights:  20%|██        | 139/685 [00:00<00:00, 1382.18it/s]Loading weights:  41%|████      | 278/685 [00:00<00:00, 834.90it/s] Loading weights:  61%|██████    | 419/685 [00:00<00:00, 1021.98it/s]Loading weights: 100%|██████████| 685/685 [00:00<00:00, 1438.11it/s]
[test] device=cuda amp_dtype=torch.bfloat16 mode=crop crop=1024 dinov3=base
[support] id=0 April1/20250401_131221273_iOS.jpg fg=0.0398 anns=62 crop=[614, 257, 1638, 1281]
[compare] coco_q60:  boxes[IoU0.83 P0.96 R0.86 bgFP0.04]  per_granule[IoU0.73 P0.96 R0.75 bgFP0.04]  router_cov0.4[IoU0.82 P0.96 R0.85 bgFP0.04]  router_cov0.55[IoU0.82 P0.96 R0.85 bgFP0.04]  router_cov0.7[IoU0.83 P0.96 R0.86 bgFP0.04]
[compare] coco_q105:  boxes[IoU0.38 P0.43 R0.79 bgFP0.57]  per_granule[IoU0.44 P0.58 R0.64 bgFP0.42]  router_cov0.4[IoU0.38 P0.42 R0.79 bgFP0.58]  router_cov0.55[IoU0.35 P0.43 R0.66 bgFP0.57]  router_cov0.7[IoU0.41 P0.50 R0.69 bgFP0.50]

── acceptance table (IoU / P / R / bgFP per path) ──
query                            boxes               per_granule             router_cov0.4            router_cov0.55             router_cov0.7
----------------------------------------------------------------------------------------------------------------------------------------------
coco_q60           0.83/0.96/0.86/0.04       0.73/0.96/0.75/0.04       0.82/0.96/0.85/0.04       0.82/0.96/0.85/0.04       0.83/0.96/0.86/0.04
coco_q105          0.38/0.43/0.79/0.57       0.44/0.58/0.64/0.42       0.38/0.42/0.79/0.58       0.35/0.43/0.66/0.57       0.41/0.50/0.69/0.50

── router verdict (IoU vs best pure path, per query) ──
  router_cov0.4    needs-tuning  coco_q60:0.82vs0.83(-0.01)  coco_q105:0.38vs0.44(-0.06)
  router_cov0.55   needs-tuning  coco_q60:0.82vs0.83(-0.01)  coco_q105:0.35vs0.44(-0.09)
  router_cov0.7    needs-tuning  coco_q60:0.83vs0.83(+0.00)  coco_q105:0.41vs0.44(-0.03)
[test] artefacts written to /fs/ess/PAS2699/kamath/fertilizer_data/fss_results/router_compare
[job] DONE
