[job] node=c0807.ten.osc.edu
Loading weights:   0%|          | 0/1468 [00:00<?, ?it/s]Loading weights:  11%|█         | 162/1468 [00:00<00:01, 1105.68it/s]Loading weights:  20%|██        | 296/1468 [00:00<00:01, 1147.35it/s]Loading weights:  28%|██▊       | 412/1468 [00:00<00:02, 401.04it/s] Loading weights:  33%|███▎      | 484/1468 [00:01<00:03, 274.91it/s]Loading weights:  36%|███▋      | 534/1468 [00:01<00:03, 297.45it/s]Loading weights:  40%|███▉      | 582/1468 [00:01<00:02, 310.67it/s]Loading weights:  43%|████▎     | 626/1468 [00:01<00:02, 332.33it/s]Loading weights:  46%|████▌     | 677/1468 [00:01<00:02, 348.72it/s]Loading weights:  49%|████▉     | 720/1468 [00:01<00:02, 343.12it/s]Loading weights:  52%|█████▏    | 760/1468 [00:02<00:02, 289.62it/s]Loading weights:  54%|█████▍    | 794/1468 [00:02<00:02, 278.86it/s]Loading weights: 100%|██████████| 1468/1468 [00:02<00:00, 633.02it/s]

=== q60 (GT fg px=49201) ===
  visual               n= 200  score[0.02,0.78]  area[35,38557]
  object               n= 200  score[0.00,0.01]  area[44,1005025]
  objects              n= 199  score[0.00,0.02]  area[19,999371]
  granule              n= 200  score[0.00,0.03]  area[27,40326]
  granules             n= 199  score[0.00,0.04]  area[46,42187]
  fertilizer           n= 199  score[0.00,0.00]  area[2,1039351]
  fertilizer granule   n= 200  score[0.00,0.00]  area[118,1030663]
  pellet               n= 200  score[0.01,0.21]  area[4,39425]
  seed                 n= 200  score[0.03,0.89]  area[108,38058]
  small stones         n= 200  score[0.03,0.77]  area[8,41626]
  stone                n= 200  score[0.00,0.03]  area[35,41386]
  dots                 n= 191  score[0.01,0.69]  area[1,71920]
  rocks                n= 200  score[0.00,0.14]  area[2,43528]
  particles            n= 200  score[0.00,0.12]  area[6,50331]

=== q105 (GT fg px=43168) ===
  visual               n= 200  score[0.02,0.84]  area[240,5112]
  object               n= 200  score[0.00,0.01]  area[115,1027246]
  objects              n= 200  score[0.00,0.02]  area[8,230266]
  granule              n= 199  score[0.00,0.01]  area[129,47055]
  granules             n= 200  score[0.00,0.01]  area[384,99929]
  fertilizer           n= 200  score[0.00,0.00]  area[305,1044589]
  fertilizer granule   n= 200  score[0.00,0.00]  area[416,371123]
  pellet               n= 200  score[0.01,0.46]  area[9,2464]
  seed                 n= 200  score[0.02,0.90]  area[219,2558]
  small stones         n= 199  score[0.03,0.81]  area[24,37266]
  stone                n= 200  score[0.00,0.03]  area[1,2910]
  dots                 n= 199  score[0.00,0.40]  area[5,54763]
  rocks                n= 200  score[0.00,0.09]  area[56,317572]
  particles            n= 200  score[0.00,0.04]  area[230,545353]
[job] DONE
